映射条目: 1616
断点续传: 已缓存1250个blob
  进度 50/1616 (3202.5个/秒, 已缓存1250)
  进度 100/1616 (11.2个/秒, 已缓存1256)
  进度 150/1616 (16.8个/秒, 已缓存1256)
  跳过(>30MB): 02-课题-MASH研究-v1/data/geo/gene2ensembl.gz (50MB)
  跳过(>30MB): 02-课题-MASH研究-v1/data/geo/GSE135251_RAW.tar (43MB)
  进度 200/1616 (22.3个/秒, 已缓存1256)
  进度 250/1616 (27.8个/秒, 已缓存1256)
  进度 300/1616 (33.3个/秒, 已缓存1256)
  进度 350/1616 (38.7个/秒, 已缓存1256)
  跳过(>30MB): 02-课题-MASH研究-v1/data/v2/coconut_csv.zip (236MB)
  跳过(>30MB): 02-课题-MASH研究-v1/data/v2/np_library_full.csv.gz (55MB)
  进度 400/1616 (44.2个/秒, 已缓存1256)
  进度 450/1616 (49.6个/秒, 已缓存1256)
  进度 500/1616 (55.1个/秒, 已缓存1256)
  进度 550/1616 (60.5个/秒, 已缓存1256)
  进度 600/1616 (65.9个/秒, 已缓存1256)
  进度 650/1616 (71.3个/秒, 已缓存1256)
  进度 700/1616 (76.7个/秒, 已缓存1256)
  进度 750/1616 (82.0个/秒, 已缓存1256)
  进度 800/1616 (87.4个/秒, 已缓存1256)
  进度 850/1616 (92.7个/秒, 已缓存1256)
  进度 900/1616 (98.0个/秒, 已缓存1256)
  进度 950/1616 (103.3个/秒, 已缓存1256)
  进度 1000/1616 (108.6个/秒, 已缓存1256)
  进度 1050/1616 (113.8个/秒, 已缓存1256)
  进度 1100/1616 (119.0个/秒, 已缓存1256)
  跳过(>30MB): 02-课题-MASH研究-v1/results/v2/library_scored.csv (256MB)
  进度 1150/1616 (124.2个/秒, 已缓存1256)
  进度 1200/1616 (129.5个/秒, 已缓存1256)
  进度 1250/1616 (133.9个/秒, 已缓存1256)
  进度 1300/1616 (51.3个/秒, 已缓存1268)
  进度 1350/1616 (13.8个/秒, 已缓存1314)
  进度 1400/1616 (7.6个/秒, 已缓存1364)
  进度 1450/1616 (5.4个/秒, 已缓存1413)
  进度 1500/1616 (4.3个/秒, 已缓存1462)
  进度 1550/1616 (3.3个/秒, 已缓存1512)
  进度 1600/1616 (2.9个/秒, 已缓存1562)
Traceback (most recent call last):
  File "D:\zcode-workspace\hepato-gnn-screening\reports\pdf_build\upload_aidd.py", line 226, in <module>
    main()
  File "D:\zcode-workspace\hepato-gnn-screening\reports\pdf_build\upload_aidd.py", line 196, in main
    tree = api("/git/trees", {"base_tree": base_tree, "tree": entries}, method="POST")["sha"]
           ~~~~~~~~~~~~~~~~~~~~~~~~~~~~~~~~~~~~~~~~~~~~~~~~~~~~~~~~~~~~~~~~~~~~~~~~~~~^^^^^^^
KeyError: 'sha'
